// Jest Snapshot v1, https://goo.gl/fbAQLP

exports[`Spinner component should match the snapshot: spinner-snapshot 1`] = `
<div
  className="StyledGrommet-sc-19lkkz7-0 fPtJnA"
>
  <div
    className="sc-bdVaJa kRSGDk"
  >
    <svg
      className="sc-htpNat bUCXzc"
      height={50}
      viewBox="0 0 66 66"
      width={50}
    >
      <circle
        className="sc-bwzfXH gLcutx"
        cx="33"
        cy="33"
        fill="none"
        r="30"
        strokeLinecap="round"
        strokeWidth="6"
      />
    </svg>
  </div>
</div>
`;
